"""This module works as a doctest for the print_square functions"""

>>> print_square = __import__('4-print_square').print_square

>>> print_square(2)
##
##

>>> print_square(-1)
Traceback (most recent call last):
  File "<stdin>", line 1, in <module>
  File "<stdin>", line 16, in print_square
ValueError: size must be >= 0

>>> print_square(0)

>>> print_square("f")
Traceback (most recent call last):
  File "<stdin>", line 1, in <module>
  File "<stdin>", line 12, in print_square
TypeError: size must be an integer

>>> print_square(4.5)
Traceback (most recent call last):
  File "<stdin>", line 1, in <module>
  File "<stdin>", line 12, in print_square
TypeError: size must be an integer

>>> print_square()
Traceback (most recent call last):
  File "<stdin>", line 1, in <module>
TypeError: print_square() missing 1 required positional argument: 'size'

>>> a = 3
>>> print_square(a)
###
###
###
